// Vitest Snapshot v1, https://vitest.dev/guide/snapshot.html

exports[`Button > renders primary button consistently 1`] = `"<button class="inline-flex items-center justify-center gap-2 whitespace-nowrap rounded-md text-sm font-semibold transition-all duration-200 focus-visible:outline-none focus-visible:ring-2 focus-visible:ring-ring focus-visible:ring-offset-2 disabled:pointer-events-none disabled:opacity-40 [&amp;_svg]:pointer-events-none [&amp;_svg]:size-4 [&amp;_svg]:shrink-0 bg-primary text-primary-foreground hover:brightness-110 active:brightness-125 h-10 px-4 py-2">Primary</button>"`;
