// Vitest Snapshot v1, https://vitest.dev/guide/snapshot.html

exports[`Card > renders surface card 1`] = `"<div class="rounded-lg border border-border bg-surface text-card-foreground"><div class="flex flex-col space-y-1.5 p-4"><h3 class="text-xl font-semibold leading-none tracking-tight text-text">Sample</h3></div><div class="p-4 pt-0">Body</div></div>"`;
