// Vitest Snapshot v1, https://vitest.dev/guide/snapshot.html

exports[`StatusBadge > renders danger status state 1`] = `"<span class="inline-flex items-center gap-1.5 rounded-md border border-danger/20 bg-danger/10 px-2.5 py-1 text-xs font-semibold text-danger"><svg xmlns="http://www.w3.org/2000/svg" width="24" height="24" viewBox="0 0 24 24" fill="none" stroke="currentColor" stroke-width="2" stroke-linecap="round" stroke-linejoin="round" class="lucide lucide-circle-x h-3 w-3" aria-hidden="true"><circle cx="12" cy="12" r="10"></circle><path d="m15 9-6 6"></path><path d="m9 9 6 6"></path></svg>Failed</span>"`;
